// Jest Snapshot v1, https://goo.gl/fbAQLP

exports[`<Dropdown /> should match the snapshot 1`] = `
.c1 {
  cursor: pointer;
  color: white;
  position: relative;
  display: -webkit-box;
  display: -webkit-flex;
  display: -ms-flexbox;
  display: flex;
  -webkit-align-items: center;
  -webkit-box-align: center;
  -ms-flex-align: center;
  align-items: center;
  z-index: 4;
}

.c3 {
  display: -webkit-box;
  display: -webkit-flex;
  display: -ms-flexbox;
  display: flex;
  -webkit-flex-direction: column;
  -ms-flex-direction: column;
  flex-direction: column;
  background: white;
  color: black;
  margin-top: 0.6rem;
  position: absolute;
  right: 0;
  z-index: 5;
}

.c0 {
  width: -webkit-max-content;
  width: -moz-max-content;
  width: max-content;
}

.c0 .c2,
.c0 .sc-dlnjwi {
  border-radius: 0.8rem;
  position: absolute;
  right: 4.8rem;
  -webkit-transition: -webkit-transform 0.2s ease-in,opacity 0.3s ease-in-out;
  -webkit-transition: transform 0.2s ease-in,opacity 0.3s ease-in-out;
  transition: transform 0.2s ease-in,opacity 0.3s ease-in-out;
  z-index: 200;
  opacity: 0;
  pointer-events: none;
  -webkit-transform: translateY(-2rem);
  -ms-transform: translateY(-2rem);
  transform: translateY(-2rem);
}

<div>
  <div
    class="c0"
  >
    <div
      class="c1"
    >
      <h1
        aria-label="toogle dropdown"
      >
        Click here
      </h1>
    </div>
    <div
      aria-hidden="true"
      class="c2 c3"
    />
  </div>
</div>
`;
